# App set up

mode: debug # debug, devel or prod
server: 127.0.0.1
port: 8050
support_email: help@iri.columbia.edu

prefix: /my_first_maproom
tile_pfx: /my_first_maproom/tile # Lesson 5

# Lesson 10 starts
data_dir: data/
prcp_file: CRUprcp.nc # Lesson 10 ends
temp_file: CRUtemp.nc # Lesson 12